DEBUG:__main__:['1erProyectoMatcom' 'Laberint-Project']  : 0.4545992314815521
DEBUG:__main__:['1erProyectoMatcom' 'Laberinthya']  : 0.482614666223526
DEBUG:__main__:['1erProyectoMatcom' 'MazeRunners-12']  : 0.5320246815681458
DEBUG:__main__:['1erProyectoMatcom' 'Pan-Runners']  : 0.45905065536499023
DEBUG:__main__:['1erProyectoMatcom' 'Proyecto-ONE']  : 0.4644465446472168
DEBUG:__main__:['AttackOnMaze' 'Proyecto-Programacion-Maze-Runner-']  : 0.46325695514678955
DEBUG:__main__:['AttackOnMaze' 'Proyecto1Laberinto']  : 0.5022410154342651
DEBUG:__main__:['D-D-Maze-' 'Maze-Runners-15']  : 0.546113908290863
DEBUG:__main__:['D-D-Maze-' 'MazeRunners']  : 0.49813833832740784
DEBUG:__main__:['D-D-Maze-' 'MazeRunners2']  : 0.48580101132392883
DEBUG:__main__:['D-D-Maze-' 'Maze_Runer']  : 0.4528404176235199
DEBUG:__main__:['D-D-Maze-' 'Maze_Runner-10']  : 0.5000380277633667
DEBUG:__main__:['D-D-Maze-' 'MAZE_RUNNER_LOGIC-GAME']  : 0.5010262131690979
DEBUG:__main__:['El-Abismo-de-la-Salvacion' 'Maze']  : 0.48411834239959717
DEBUG:__main__:['El-Abismo-de-la-Salvacion' 'Maze-Runner-9']  : 0.4747132658958435
DEBUG:__main__:['El-Abismo-de-la-Salvacion' 'Maze-Spectre']  : 0.49762338399887085
DEBUG:__main__:['El-Abismo-de-la-Salvacion' 'Project-Hueco-Mundo']  : 0.5312232971191406
DEBUG:__main__:['El-Abismo-de-la-Salvacion' 'Project-Laberinto']  : 0.49913907051086426
DEBUG:__main__:['El-Ragnarok-Inminente' 'MazeRun']  : 0.4548978805541992
DEBUG:__main__:['El-Ragnarok-Inminente' 'my-MazeRunner-project-2']  : 0.4633883535861969
DEBUG:__main__:['Game' 'Laberint-Project']  : 0.46132275462150574
DEBUG:__main__:['Game' 'MazeRunnerMedioevo']  : 0.48329487442970276
DEBUG:__main__:['Game' 'Proyecto-ONE']  : 0.46990007162094116
DEBUG:__main__:['Laberinto1' 'Laberinthya']  : 0.5147372484207153
DEBUG:__main__:['Laberinto1' 'Maze']  : 0.4757906496524811
DEBUG:__main__:['Laberinto1' 'Proyecto-ONE']  : 0.494458943605423
DEBUG:__main__:['Laberint-Project' 'Proyecto-ONE']  : 0.45457589626312256
DEBUG:__main__:['Laberinthya' 'MazeRunners-12']  : 0.4708423614501953
DEBUG:__main__:['Laberinthya' 'Proyecto-ONE']  : 0.5399134159088135
DEBUG:__main__:['LabyrinthsOfOblivion' '_maze_runner']  : 0.46156272292137146
DEBUG:__main__:['Maze' 'Maze-Runner-9']  : 0.47604507207870483
DEBUG:__main__:['Maze' 'Project-Hueco-Mundo']  : 0.4864240288734436
DEBUG:__main__:['Maze-of-Legends-Console-Ver-' 'Proyecto-Final']  : 0.4848381280899048
DEBUG:__main__:['Maze-Runner-9' 'Maze-Spectre']  : 0.45667099952697754
DEBUG:__main__:['Maze-Runner-9' 'Pan-Runners']  : 0.48073121905326843
DEBUG:__main__:['Maze-Runner-9' 'Project-Hueco-Mundo']  : 0.4539121985435486
DEBUG:__main__:['Maze-Runner-9' 'Project-Laberinto']  : 0.4683935046195984
DEBUG:__main__:['maze-runners-9' 'Proyecto-Completado']  : 0.4808599054813385
DEBUG:__main__:['Maze-Runners-15' 'MazeRunners']  : 0.5130689144134521
DEBUG:__main__:['Maze-Runners-15' 'MazeRunners2']  : 0.4531158208847046
DEBUG:__main__:['Maze-Runners-15' 'Maze_Runer']  : 0.4705040454864502
DEBUG:__main__:['Maze-Runners-15' 'Maze_Runner-10']  : 0.5251955389976501
DEBUG:__main__:['Maze-Runners-15' 'MAZE_RUNNER_LOGIC-GAME']  : 0.49462348222732544
DEBUG:__main__:['Maze-Runners-15' 'Project1-MazeGame']  : 0.4716951549053192
DEBUG:__main__:['Maze-Spectre' 'Project-Hueco-Mundo']  : 0.5180560350418091
DEBUG:__main__:['Maze-Spectre' 'Project-Laberinto']  : 0.5101441144943237
DEBUG:__main__:['MazeRunners' 'Maze_Runner-10']  : 0.4827078878879547
DEBUG:__main__:['MazeRunners' 'MAZE_RUNNER_LOGIC-GAME']  : 0.47171756625175476
DEBUG:__main__:['MazeRunners2' 'MAZE_RUNNER_LOGIC-GAME']  : 0.4804367423057556
DEBUG:__main__:['MazeRunners-7' 'Proyecto-Completado']  : 0.5064972639083862
DEBUG:__main__:['Maze_Runner-10' 'MAZE_RUNNER_LOGIC-GAME']  : 0.5115366578102112
DEBUG:__main__:['MAZE_RUNNER_LOGIC-GAME' 'Proyecto1Laberinto']  : 0.4682292640209198
DEBUG:__main__:['Project-Hueco-Mundo' 'Project-Laberinto']  : 0.5020819902420044
DEBUG:__main__:['Proyecto-Programacion-Maze-Runner-' 'Proyecto1Laberinto']  : 0.48974841833114624
